// Jest Snapshot v1, https://goo.gl/fbAQLP

exports[`datatype actions getDataType 1`] = `
Array [
  Object {
    "payload": Promise {},
    "type": "GET_DATA_TYPE",
  },
]
`;
