// Jest Snapshot v1, https://goo.gl/fbAQLP

exports[`versionControl actions getVersion 1`] = `
Array [
  Object {
    "payload": Promise {},
    "type": "GET_VERSION",
  },
]
`;
