// Jest Snapshot v1, https://goo.gl/fbAQLP

exports[`user actions getCodes 1`] = `
Array [
  Object {
    "payload": Promise {},
    "type": "GET_LANGUAGE_CODES",
  },
]
`;
