// Jest Snapshot v1, https://goo.gl/fbAQLP

exports[`BasicInput Component should render a BasicInput component 1`] = `
ShallowWrapper {
  "length": 1,
  Symbol(enzyme.__root__): [Circular],
  Symbol(enzyme.__unrendered__): <Checkbox
    css=""
    handleChange={[Function]}
    id="test"
    isDisabled={false}
    text="This is a checkbox"
    value={true}
/>,
  Symbol(enzyme.__renderer__): Object {
    "batchedUpdates": [Function],
    "getNode": [Function],
    "render": [Function],
    "simulateEvent": [Function],
    "unmount": [Function],
  },
  Symbol(enzyme.__node__): Object {
    "instance": null,
    "key": undefined,
    "nodeType": "host",
    "props": Object {
      "children": <div
        className="form-check"
>
        <input
                checked={true}
                className="form-check-input"
                disabled={false}
                id="test"
                onChange={[Function]}
                type="checkbox"
        />
        <label
                className="form-check-label"
                htmlFor="test"
        >
                This is a checkbox
        </label>
</div>,
      "className": "form-group ",
    },
    "ref": null,
    "rendered": Object {
      "instance": null,
      "key": undefined,
      "nodeType": "host",
      "props": Object {
        "children": Array [
          <input
            checked={true}
            className="form-check-input"
            disabled={false}
            id="test"
            onChange={[Function]}
            type="checkbox"
/>,
          <label
            className="form-check-label"
            htmlFor="test"
>
            This is a checkbox
</label>,
        ],
        "className": "form-check",
      },
      "ref": null,
      "rendered": Array [
        Object {
          "instance": null,
          "key": undefined,
          "nodeType": "host",
          "props": Object {
            "checked": true,
            "className": "form-check-input",
            "disabled": false,
            "id": "test",
            "onChange": [Function],
            "type": "checkbox",
          },
          "ref": null,
          "rendered": null,
          "type": "input",
        },
        Object {
          "instance": null,
          "key": undefined,
          "nodeType": "host",
          "props": Object {
            "children": "This is a checkbox",
            "className": "form-check-label",
            "htmlFor": "test",
          },
          "ref": null,
          "rendered": "This is a checkbox",
          "type": "label",
        },
      ],
      "type": "div",
    },
    "type": "div",
  },
  Symbol(enzyme.__nodes__): Array [
    Object {
      "instance": null,
      "key": undefined,
      "nodeType": "host",
      "props": Object {
        "children": <div
          className="form-check"
>
          <input
                    checked={true}
                    className="form-check-input"
                    disabled={false}
                    id="test"
                    onChange={[Function]}
                    type="checkbox"
          />
          <label
                    className="form-check-label"
                    htmlFor="test"
          >
                    This is a checkbox
          </label>
</div>,
        "className": "form-group ",
      },
      "ref": null,
      "rendered": Object {
        "instance": null,
        "key": undefined,
        "nodeType": "host",
        "props": Object {
          "children": Array [
            <input
              checked={true}
              className="form-check-input"
              disabled={false}
              id="test"
              onChange={[Function]}
              type="checkbox"
/>,
            <label
              className="form-check-label"
              htmlFor="test"
>
              This is a checkbox
</label>,
          ],
          "className": "form-check",
        },
        "ref": null,
        "rendered": Array [
          Object {
            "instance": null,
            "key": undefined,
            "nodeType": "host",
            "props": Object {
              "checked": true,
              "className": "form-check-input",
              "disabled": false,
              "id": "test",
              "onChange": [Function],
              "type": "checkbox",
            },
            "ref": null,
            "rendered": null,
            "type": "input",
          },
          Object {
            "instance": null,
            "key": undefined,
            "nodeType": "host",
            "props": Object {
              "children": "This is a checkbox",
              "className": "form-check-label",
              "htmlFor": "test",
            },
            "ref": null,
            "rendered": "This is a checkbox",
            "type": "label",
          },
        ],
        "type": "div",
      },
      "type": "div",
    },
  ],
  Symbol(enzyme.__options__): Object {
    "adapter": ReactSixteenAdapter {
      "options": Object {
        "enableComponentDidUpdateOnSetState": true,
      },
    },
  },
}
`;
